[www.drishtiias.com/to-the-points/paper1/types-of-forests-in-india.html]
[backblue.gif]
[fade.gif]
[index.html]
[www.drishtiias.com/drishti/img/drishti-dual-logo.jpg]
[bat.bing.com/bat.js]
[www.drishtiias.com/drishti/css/main.css]
[www.drishtiias.com/drishti/css/custom.css]
[www.drishtiias.com/drishti/css/colorbox.css]
[www.drishtiias.com/drishti/css/datepicker.css]
[www.drishtiias.com/drishti/css/fancybox.css]
[code.jquery.com/ui/1.12.1/themes/base/jquery-ui.css]
[cdnjs.cloudflare.com/ajax/libs/font-awesome/4.7.0/css/font-awesome.min.css]
[www.drishtiias.com/drishti/js/jquery.min.js]
[www.google.com/recaptcha/api.js]
[www.drishtiias.com/webroot/admin/js/tinymce/js/tinymce/tinymce.min.js]
[www.drishtiias.com/webroot/admin/js/tinymce/js/tinymce/jquery.tinymce.min.js]
[www.drishtiias.com/webroot/admin/js/jquery.nicescroll.js]
[www.google-analytics.com/analytics.js]
[cdn-images.mailchimp.com/embedcode/horizontal-slim-10_7.css]
[script.crazyegg.com/pages/scripts/0084/3729.js]
[static.ads-twitter.com/uwt.js]
[code.jquery.com/ui/1.12.1/jquery-ui.js]
[certify-js.alexametrics.com/atrk.js]
[certify.alexametrics.com/atrk11e4.gif]
[connect.facebook.net/en_US/fbevents.js]
[www.drishtiias.com/drishti/img/drishti_logo_new_eng.png]
[www.drishtiias.com/to-the-points/paper1/meghalayan-age.html]
[www.drishtiias.com/to-the-points/paper1/reforms-and-administration-under-lord-curzon.html]
[www.drishtiias.com/images/uploads/1619435891_image5.jpg]
[www.drishtiias.com/to-the-points/paper1/types-of-forests-in-india/print_manually.html]
[drishti-english.disqus.com/embed.js]
[www.drishtiias.com/drishti/img/DLP-final.gif]
[www.drishtiias.com/frontend/img/drishti_logo_new.png]
[www.drishtiias.com/frontend/img/app-google.png]
[www.drishtiias.com/frontend/img/app-ios.png]
[www.drishtiias.com/images/uploads/1666348835_63523cb268a8e_diwali-popup-for-WEBSITE-eng.png]
[www.drishtiias.com/images/uploads/1637393581_social-media-expand.png]
[www.drishtiias.com/drishti/js/slick.min.js]
[www.drishtiias.com/drishti/js/nav.js]
[www.drishtiias.com/drishti/js/jquery.colorbox.js]
[www.drishtiias.com/drishti/js/jquery.datepicker.js]
[www.drishtiias.com/drishti/js/jquery.multi-select.js]
[www.drishtiias.com/drishti/js/custom.js]
[www.drishtiias.com/drishti/js/jquery.fancybox.js]
[drishti-english.disqus.com/count.js]
[www.drishtiias.com/to-the-points/paper1/types-of-forests-in-india.html]
[www.googletagmanager.com/gtm5445.html]
[www.drishtiias.com/drishti/img/down.png]
[www.drishtiias.com/drishti/img/icons/icon-arrow-right-white.png]
[www.drishtiias.com/drishti/img/coming-soon-tag.png]
[www.drishtiias.com/drishti/img/apple.png]
[www.drishtiias.com/drishti/img/play-store.png]
[www.drishtiias.com/drishti/img/icon-plus.png]
[www.drishtiias.com/drishti/img/icon-minus.png]
[www.drishtiias.com/drishti/img/icons/icon-tags-arrow.png]
[www.drishtiias.com/drishti/img/pattern-1.png]
[www.drishtiias.com/drishti/img/newsletter-divider.png]
[www.drishtiias.com/drishti/img/call-bg.jpg]
[www.drishtiias.com/drishti/img/coming-soon-bg.png]
[www.drishtiias.com/drishti/img/thank-you-bg.jpg]
[www.drishtiias.com/drishti/img/quotes.png]
[www.drishtiias.com/drishti/img/left-box-arrow.png]
[www.drishtiias.com/drishti/img/icon-fb.png]
[www.drishtiias.com/drishti/img/icon-tw.png]
[www.drishtiias.com/drishti/img/icon-whatsapp.png]
[www.drishtiias.com/drishti/img/icon-g-plus.png]
[www.drishtiias.com/drishti/img/icon-telegram.png]
[www.drishtiias.com/drishti/img/login-graphic.png]
[www.drishtiias.com/drishti/img/password-graphic.png]
[www.drishtiias.com/drishti/img/thanks-graphic.png]
[www.drishtiias.com/drishti/img/arrow-icon.png]
[www.drishtiias.com/drishti/img/upload-btn.png]
[www.drishtiias.com/drishti/img/web.jpg]
[www.drishtiias.com/drishti/img/checkbox.png]
[www.drishtiias.com/drishti/img/icons/icon-arrow-left-white.png]
[www.drishtiias.com/drishti/img/icons/icon-zoomin.png]
[www.drishtiias.com/drishti/img/icons/icon-zoomout.png]
[www.drishtiias.com/drishti/img/icons/icon-reset.png]
[www.drishtiias.com/drishti/img/icons/icon-arrow-select.png]
[www.drishtiias.com/drishti/img/icons/icon-tick.png]
[www.drishtiias.com/drishti/img/icons/icon-single-arrow.png]
[www.drishtiias.com/drishti/img/icons/icon-download-red.png]
[www.drishtiias.com/drishti/img/icon-fee-structure01.png]
[www.drishtiias.com/drishti/img/icon-fee-structure02.png]
[www.drishtiias.com/drishti/img/icon-fee-structure03.png]
[www.drishtiias.com/drishti/img/icons/icon-address-pin.png]
[www.drishtiias.com/drishti/img/icons/icon-phone.png]
[www.drishtiias.com/drishti/img/icons/icon-email.png]
[www.drishtiias.com/drishti/img/default-profile.png]
[www.drishtiias.com/drishti/img/input-date.png]
[www.drishtiias.com/drishti/img/icons/trash-red.png]
[www.drishtiias.com/drishti/img/icons/icon-remove.png]
[www.drishtiias.com/drishti/img/left-shadow.jpg]
[www.drishtiias.com/drishti/img/icons/icon-calender.png]
[www.drishtiias.com/drishti/img/icons/icon-pdf.png]
[www.drishtiias.com/drishti/img/icons/icon-affairs.png]
[www.drishtiias.com/drishti/img/double-circle-icon.png]
[www.drishtiias.com/drishti/img/icons/icon-arrow-bottom-white.png]
[www.drishtiias.com/drishti/img/icons/icon-editorials.png]
[www.drishtiias.com/drishti/img/icons/icon-affairs-calender.png]
[www.drishtiias.com/drishti/img/icons/icon-affairs-arrow.png]
[www.drishtiias.com/drishti/img/subject-img01.png]
[www.drishtiias.com/drishti/img/icons/icon-play.png]
[www.drishtiias.com/drishti/img/icons/icon-star.png]
[www.drishtiias.com/drishti/img/icons/icon-article-date.png]
[www.drishtiias.com/drishti/img/icons/icon-article-prelims.png]
[www.drishtiias.com/drishti/img/icons/icon-arrow-left.png]
[www.drishtiias.com/drishti/img/icons/icon-arrow-right.png]
[www.drishtiias.com/drishti/img/icons/clock.png]
[www.drishtiias.com/drishti/img/icons/icon-progress.png]
[www.drishtiias.com/drishti/img/icons/notes.png]
[www.drishtiias.com/drishti/img/icons/icon-bookmark.png]
[www.drishtiias.com/drishti/img/icons/icon-comma-start.png]
[www.drishtiias.com/drishti/img/icons/icon-comma-end.png]
[www.drishtiias.com/drishti/img/icons/icon-square.png]
[www.drishtiias.com/drishti/img/icons/icon-tick2.png]
[www.drishtiias.com/drishti/img/icons/icon-rotate-square.png]
[www.drishtiias.com/drishti/img/icons/icon-circle.png]
[www.drishtiias.com/drishti/img/icons/icon-fillcircle-tick.png]
[www.drishtiias.com/drishti/img/icons/icon-emptycircle-tick.png]
[www.drishtiias.com/drishti/img/icons/icon-tick3.png]
[www.drishtiias.com/drishti/img/mcq-graphic.png]
[www.drishtiias.com/drishti/img/icons/icon-arrow02.png]
[www.drishtiias.com/drishti/img/icons/icon-category.png]
[www.drishtiias.com/drishti/img/icons/icon-archive-date.png]
[www.drishtiias.com/drishti/img/icons/icon-archive-month.png]
[www.drishtiias.com/drishti/img/icons/icon-updates.png]
[www.drishtiias.com/drishti/img/icons/icon-arrow-bottom.png]
[www.drishtiias.com/drishti/img/icons/icon-close-2.png]
[www.drishtiias.com/drishti/img/icons/bookmark.png]
[www.drishtiias.com/drishti/img/icons/progress.png]
[www.drishtiias.com/drishti/img/icons/icon-calender-edit.png]
[www.drishtiias.com/drishti/img/not-found-icon.png]
[www.drishtiias.com/drishti/img/icons/mynotes-sidebar.png]
[www.drishtiias.com/drishti/img/icons/icon-plus.png]
[www.drishtiias.com/drishti/img/icon-download.png]
[www.drishtiias.com/drishti/img/mocktest-blue-banner.jpg]
[www.drishtiias.com/drishti/img/mocktest-prelims-bg.jpg]
[www.drishtiias.com/drishti/img/mocktest-online-learning-bg.jpg]
[www.drishtiias.com/drishti/img/mocktest-register-bg.jpg]
[www.drishtiias.com/drishti/css/main.css]
[www.drishtiias.com/drishti/img/plus-icon.html]
[www.drishtiias.com/drishti/img/msg-success.png]
[www.drishtiias.com/drishti/img/msg-cancel.png]
[www.drishtiias.com/drishti/img/apple-hover.png]
[www.drishtiias.com/drishti/img/tags-related-textbg.png]
[www.drishtiias.com/drishti/img/icons/icon-instruction.html]
[www.drishtiias.com/drishti/img/icons/icon-date-white.png]
[www.drishtiias.com/drishti/img/icons/icon-downloadlist-pdf.png]
[www.drishtiias.com/drishti/img/icons/icon-downloadlist-edit.png]
[www.drishtiias.com/drishti/img/test-series-banner.jpg]
[www.drishtiias.com/drishti/img/icons/icon-red-arrow.png]
[www.drishtiias.com/drishti/img/icons/icon-white-arrow.png]
[www.drishtiias.com/drishti/img/icon-pdf-download.png]
[www.drishtiias.com/drishti/img/icons/icon-play-icon.png]
[www.drishtiias.com/drishti/img/icons/icon-edit.png]
[www.drishtiias.com/drishti/img/icons/icon-download-pdf.png]
[www.drishtiias.com/drishti/img/book-bg.png]
[www.drishtiias.com/drishti/img/icons/icon-arrow-white.png]
[www.drishtiias.com/drishti/img/icons/icon-byyear.png]
[www.drishtiias.com/drishti/img/icons/icon-bysubject.png]
[www.drishtiias.com/drishti/img/icons/icon-subject.png]
[www.drishtiias.com/drishti/img/interview-body-bg.png]
[www.drishtiias.com/drishti/img/icon-interview-call.png]
[www.drishtiias.com/drishti/img/icon-interview-email.png]
[www.drishtiias.com/drishti/img/interview-blue-bg.png]
[www.drishtiias.com/drishti/img/icon-interview-list.png]
[www.drishtiias.com/drishti/img/icon-interview-list02.png]
[www.drishtiias.com/drishti/img/icon-interview-call02.png]
[www.drishtiias.com/drishti/img/icon-interview-email02.png]
[www.drishtiias.com/drishti/img/interview-slide01.png]
[www.drishtiias.com/drishti/img/icon-pdf.png]
[www.drishtiias.com/drishti/img/online-courses-bg.jpg]
[www.drishtiias.com/drishti/img/online-banner.jpg]
[www.drishtiias.com/drishti/img/icon-red-arrow.png]
[www.drishtiias.com/drishti/img/icon-red-circle.png]
[www.drishtiias.com/drishti/img/icon-video.png]
[www.drishtiias.com/drishti/img/online-class-banner.jpg]
[www.drishtiias.com/drishti/img/icon-close-faq.png]
[www.drishtiias.com/drishti/img/icon-open-faq.png]
[www.drishtiias.com/drishti/img/online-class-banner-mobile.jpg]
[www.drishtiias.com/drishti/css/custom.css]
[www.drishtiias.com/drishti/img/loading.gif]
[www.drishtiias.com/drishti/css/colorbox.css]
[www.drishtiias.com/drishti/css/datepicker.css]
[www.drishtiias.com/drishti/css/fancybox.css]
[code.jquery.com/ui/1.12.1/themes/base/images/ui-icons_444444_256x240.png]
[code.jquery.com/ui/1.12.1/themes/base/images/ui-icons_555555_256x240.png]
[code.jquery.com/ui/1.12.1/themes/base/images/ui-icons_ffffff_256x240.png]
[code.jquery.com/ui/1.12.1/themes/base/images/ui-icons_777620_256x240.png]
[code.jquery.com/ui/1.12.1/themes/base/images/ui-icons_cc0000_256x240.png]
[code.jquery.com/ui/1.12.1/themes/base/images/ui-icons_777777_256x240.png]
[code.jquery.com/ui/1.12.1/themes/base/jquery-ui.css]
[cdnjs.cloudflare.com/ajax/libs/font-awesome/4.7.0/css/font-awesome.min.css]
[www.drishtiias.com/drishti/css/editor.css]
[cdn-images.mailchimp.com/embedcode/horizontal-slim-10_7.css]
[www.drishtiias.com/to-the-points/paper1/c.html]
[www.drishtiias.com/to-the-points/paper1/b.html]
[connect.facebook.net/en_US/fbevents.js]
[www.drishtiias.com/to-the-points/paper1/POST.html]
[www.drishtiias.com/to-the-points/paper1/2-time-zones-in-india.html]
[www.drishtiias.com/images/uploads/1578477186_image36.jpg]
[www.drishtiias.com/to-the-points/paper1/meghalayan-age.html]
[www.drishtiias.com/to-the-points/paper1/meghalayan-age/print_manually.html]
[www.drishtiias.com/to-the-points/paper1/government-of-india-act-1919.html]
[www.drishtiias.com/to-the-points/paper1/reforms-and-administration-under-lord-curzon.html]
[www.drishtiias.com/to-the-points/paper1/types-of-forests-in-india/print_manually.html]
[www.drishtiias.com/to-the-points/paper1/reforms-and-administration-under-lord-curzon/print_manually.html]
[www.drishtiias.com/drishti/img/error.png]
[www.drishtiias.com/drishti/img/plus-icon.html]
[api.whatsapp.com/senda149.html]
[www.drishtiias.com/drishti/img/icons/icon-instruction.html]
[www.drishtiias.com/to-the-points/paper1/c.html]
[www.drishtiias.com/to-the-points/paper1/b.html]
[www.drishtiias.com/to-the-points/paper1/POST.html]
[api.whatsapp.com/send6870.html]
[www.drishtiias.com/to-the-points/paper1/preservation-of-cultural-heritage.html]
[www.drishtiias.com/images/uploads/1663314630_Whither_Time_zone_Drishti_IAS_English.png]
[www.drishtiias.com/images/uploads/1663315867_Most_TIme_Zones_Drishti_IAS_English.png]
[www.drishtiias.com/to-the-points/paper1/2-time-zones-in-india.html]
[www.drishtiias.com/to-the-points/paper1/meghalayan-age/print_manually.html]
[www.drishtiias.com/to-the-points/paper1/2-time-zones-in-india/print_manually.html]
[www.drishtiias.com/to-the-points/paper1/swadeshi-and-boycott-movement.html]
[www.drishtiias.com/to-the-points/paper1/government-of-india-act-1919.html]
[www.drishtiias.com/to-the-points/paper1/reforms-and-administration-under-lord-curzon/print_manually.html]
[www.drishtiias.com/to-the-points/paper1/government-of-india-act-1919/print_manually.html]
[api.whatsapp.com/sendf039.html]
[static.whatsapp.net/rsrc.php/v3/yP/r/rYZqPCBaG70.png]
[static.whatsapp.net/rsrc.php/v3/yO/l/0,cross/zkmfh5mjXuB1f8e.css]
[static.whatsapp.net/rsrc.php/v3/yu/l/0,cross/jUChN57fVKs1f8e.css]
[static.whatsapp.net/rsrc.php/v3/yf/l/0,cross/mLXZl-fekKw1f8e.css]
[static.whatsapp.net/rsrc.php/v3/yc/l/0,cross/28bZN702Ikw1f8e.css]
[static.whatsapp.net/rsrc.php/v3/yv/r/WTIi8N2EFGD1f8e.js]
[api.whatsapp.com/send--sanitized-S228802--]
[api.whatsapp.com/send--sanitized-S228802--8526]
[api.whatsapp.com/send--sanitized-S228802--fb3d]
[api.whatsapp.com/send--sanitized-S228802--9bb4]
[api.whatsapp.com/send--sanitized-S228802--99dc]
[api.whatsapp.com/send--sanitized-S228802--a35d]
[api.whatsapp.com/send--sanitized-S228802--7b3f]
[api.whatsapp.com/send--sanitized-S228802--c423]
[api.whatsapp.com/send--sanitized-S228802--3322]
[api.whatsapp.com/send--sanitized-S228802--91b9]
[api.whatsapp.com/send--sanitized-S228802--9ed2]
[api.whatsapp.com/send--sanitized-S228802--c69a]
[api.whatsapp.com/send--sanitized-S228802--e68f]
[api.whatsapp.com/send--sanitized-S228802--5242]
[api.whatsapp.com/send--sanitized-S228802--1ebe]
[api.whatsapp.com/send--sanitized-S228802--cf53]
[api.whatsapp.com/send--sanitized-S228802--c249]
[api.whatsapp.com/send--sanitized-S228802--1ff0]
[api.whatsapp.com/send--sanitized-S228802--bd5a]
[api.whatsapp.com/send--sanitized-S228802--a30c]
[api.whatsapp.com/send--sanitized-S228802--cdb1]
[api.whatsapp.com/send--sanitized-S228802--2bc7]
[api.whatsapp.com/send--sanitized-S228802--1268]
[api.whatsapp.com/send--sanitized-S228802--9ff7]
[api.whatsapp.com/send--sanitized-S228802--6bf8]
[api.whatsapp.com/send--sanitized-S228802--085d]
[api.whatsapp.com/send--sanitized-S228802--23f1]
[api.whatsapp.com/send--sanitized-S228802--0b5e]
[api.whatsapp.com/send--sanitized-S228802--69cd]
[api.whatsapp.com/send--sanitized-S228802--08c7]
[api.whatsapp.com/send--sanitized-S228802--7c4b]
[api.whatsapp.com/send--sanitized-S228802--5720]
[api.whatsapp.com/send--sanitized-S228802--9e93]
[api.whatsapp.com/send--sanitized-S228802--e034]
[api.whatsapp.com/send--sanitized-S228802--2296]
[api.whatsapp.com/send--sanitized-S228802--4bed]
[api.whatsapp.com/send--sanitized-S228802--1f03]
[api.whatsapp.com/send--sanitized-S228802--f59f]
[api.whatsapp.com/send--sanitized-S228802--a908]
[api.whatsapp.com/send--sanitized-S228802--2139]
[api.whatsapp.com/send--sanitized-S228802--6e27]
[api.whatsapp.com/send--sanitized-S228802--9277]
[api.whatsapp.com/send--sanitized-S228802--64f4]
[api.whatsapp.com/send--sanitized-S228802--d6cc]
[api.whatsapp.com/send--sanitized-S228802--e6ac]
[api.whatsapp.com/send--sanitized-S228802--add9]
[api.whatsapp.com/send--sanitized-S228802--bbc9]
[api.whatsapp.com/send--sanitized-S228802--ef8e]
[api.whatsapp.com/send--sanitized-S228802--7d5b]
[api.whatsapp.com/send--sanitized-S228802--21c9]
[api.whatsapp.com/send--sanitized-S228802--c203]
[api.whatsapp.com/send--sanitized-S228802--f87d]
[api.whatsapp.com/send--sanitized-S228802--880d]
[api.whatsapp.com/send--sanitized-S228802--21ad]
[api.whatsapp.com/send--sanitized-S228802--2b51]
[api.whatsapp.com/send--sanitized-S228802--cc5a]
[api.whatsapp.com/send--sanitized-S228802--bc36]
[api.whatsapp.com/send--sanitized-S228802--9d3f]
[api.whatsapp.com/send--sanitized-S228802--dd1b]
[api.whatsapp.com/send--sanitized-S228802--c9e6]
[api.whatsapp.com/send--sanitized-S228802--7542]
[api.whatsapp.com/LYq]
[web.whatsapp.com/send/index9159.html]
[api.whatsapp.com/vgA9nU]
[api.whatsapp.com/7xqofE]
[api.whatsapp.com/u_0_0_]
[api.whatsapp.com/senda149.html]
[static.whatsapp.net/rsrc.php/v3/yr/r/F8p2GgVSKHv1f8e.js]
[api.whatsapp.com/send6870.html]
[api.whatsapp.com/sendd0d3.html]
[web.whatsapp.com/send/index3e0e.html]
[www.drishtiias.com/to-the-points/paper1/buddhism-in-india.html]
[www.drishtiias.com/images/uploads/1665669292_World_heritage_sites_Drishti_IAS_English.png]
[www.drishtiias.com/to-the-points/paper1/preservation-of-cultural-heritage.html]
[www.drishtiias.com/to-the-points/paper1/2-time-zones-in-india/print_manually.html]
[www.drishtiias.com/to-the-points/paper1/preservation-of-cultural-heritage/print_manually.html]
[www.drishtiias.com/to-the-points/paper1/khilafat-and-non-cooperation-movement.html]
[www.drishtiias.com/to-the-points/paper1/swadeshi-and-boycott-movement.html]
[www.drishtiias.com/to-the-points/paper1/government-of-india-act-1919/print_manually.html]
[api.whatsapp.com/sendf039.html]
[static.whatsapp.net/rsrc.php/v3/yO/l/0,cross/zkmfh5mjXuB1f8e.css]
[www.drishtiias.com/to-the-points/paper1/swadeshi-and-boycott-movement/print_manually.html]
[static.whatsapp.net/rsrc.php/v3/yL/r/unHwF9CkMyM.png]
[static.whatsapp.net/rsrc.php/v3/yH/r/xgVgalBG80z.png]
[static.whatsapp.net/rsrc.php/v1/yn/r/R1p1o1jdV3u.jpg]
[static.whatsapp.net/rsrc.php/v1/yQ/r/dPFl9fRFF9u.jpg]
[static.whatsapp.net/rsrc.php/v1/y_/r/oqWQjtJbOPM.jpg]
[static.whatsapp.net/rsrc.php/v3/yB/r/_0dVljceIA5.png]
[static.whatsapp.net/rsrc.php/v3/yu/l/0,cross/jUChN57fVKs1f8e.css]
[static.whatsapp.net/rsrc.php/v3/yf/l/0,cross/mLXZl-fekKw1f8e.css]
[static.whatsapp.net/rsrc.php/v3/yc/l/0,cross/28bZN702Ikw1f8e.css]
[static.whatsapp.net/rsrc.php/v3/yv/r/WTIi8N2EFGD1f8e.js]
[api.whatsapp.com/send--sanitized-S228802--.html]
[api.whatsapp.com/send--sanitized-S228802--8526.html]
[api.whatsapp.com/send--sanitized-S228802--fb3d.html]
[api.whatsapp.com/send--sanitized-S228802--9bb4.html]
[api.whatsapp.com/send--sanitized-S228802--99dc.html]
[api.whatsapp.com/send--sanitized-S228802--a35d.html]
[api.whatsapp.com/send--sanitized-S228802--7b3f.html]
[api.whatsapp.com/send--sanitized-S228802--c423.html]
[api.whatsapp.com/send--sanitized-S228802--3322.html]
[api.whatsapp.com/send--sanitized-S228802--91b9.html]
[api.whatsapp.com/send--sanitized-S228802--9ed2.html]
[api.whatsapp.com/send--sanitized-S228802--c69a.html]
[api.whatsapp.com/send--sanitized-S228802--e68f.html]
[api.whatsapp.com/send--sanitized-S228802--5242.html]
[api.whatsapp.com/send--sanitized-S228802--1ebe.html]
[api.whatsapp.com/send--sanitized-S228802--cf53.html]
[api.whatsapp.com/send--sanitized-S228802--c249.html]
[api.whatsapp.com/send--sanitized-S228802--1ff0.html]
[api.whatsapp.com/send--sanitized-S228802--bd5a.html]
[api.whatsapp.com/send--sanitized-S228802--a30c.html]
[api.whatsapp.com/send--sanitized-S228802--cdb1.html]
[api.whatsapp.com/send--sanitized-S228802--2bc7.html]
[api.whatsapp.com/send--sanitized-S228802--1268.html]
[api.whatsapp.com/send--sanitized-S228802--9ff7.html]
[api.whatsapp.com/send--sanitized-S228802--6bf8.html]
[api.whatsapp.com/send--sanitized-S228802--085d.html]
[api.whatsapp.com/send--sanitized-S228802--23f1.html]
[api.whatsapp.com/send--sanitized-S228802--0b5e.html]
[api.whatsapp.com/send--sanitized-S228802--69cd.html]
[api.whatsapp.com/send--sanitized-S228802--08c7.html]
[api.whatsapp.com/send--sanitized-S228802--7c4b.html]
[api.whatsapp.com/send--sanitized-S228802--5720.html]
[api.whatsapp.com/send--sanitized-S228802--9e93.html]
[api.whatsapp.com/send--sanitized-S228802--e034.html]
[api.whatsapp.com/send--sanitized-S228802--2296.html]
[api.whatsapp.com/send--sanitized-S228802--4bed.html]
[api.whatsapp.com/send--sanitized-S228802--1f03.html]
[api.whatsapp.com/send--sanitized-S228802--f59f.html]
[api.whatsapp.com/send--sanitized-S228802--a908.html]
[api.whatsapp.com/send--sanitized-S228802--2139.html]
[api.whatsapp.com/send--sanitized-S228802--6e27.html]
[api.whatsapp.com/send--sanitized-S228802--9277.html]
[api.whatsapp.com/send--sanitized-S228802--64f4.html]
[api.whatsapp.com/send--sanitized-S228802--d6cc.html]
[api.whatsapp.com/send--sanitized-S228802--e6ac.html]
[api.whatsapp.com/send--sanitized-S228802--add9.html]
[api.whatsapp.com/send--sanitized-S228802--bbc9.html]
[api.whatsapp.com/send--sanitized-S228802--ef8e.html]
[api.whatsapp.com/send--sanitized-S228802--7d5b.html]
[api.whatsapp.com/send--sanitized-S228802--21c9.html]
[api.whatsapp.com/send--sanitized-S228802--c203.html]
[api.whatsapp.com/send--sanitized-S228802--f87d.html]
[api.whatsapp.com/send--sanitized-S228802--880d.html]
[api.whatsapp.com/send--sanitized-S228802--21ad.html]
[api.whatsapp.com/send--sanitized-S228802--2b51.html]
[api.whatsapp.com/send--sanitized-S228802--cc5a.html]
[api.whatsapp.com/send--sanitized-S228802--bc36.html]
[api.whatsapp.com/send--sanitized-S228802--9d3f.html]
[api.whatsapp.com/send--sanitized-S228802--dd1b.html]
[api.whatsapp.com/send--sanitized-S228802--c9e6.html]
[api.whatsapp.com/send--sanitized-S228802--7542.html]
[static.facebook.com/images/whatsapp/www/whatsapp-promo.png]
[web.whatsapp.com/img/favicon/1x/favicon.png]
[web.whatsapp.com/img/favicon/2x/favicon.png]
[web.whatsapp.com/apple-touch-icon.png]
[web.whatsapp.com/browsers_c20c9d30c36f5654e017.css]
[web.whatsapp.com/img/logo-whatsapp-afe5ec49.png]
[web.whatsapp.com/img/logo-chrome-537b698c.png]
[web.whatsapp.com/img/logo-firefox-44f66fd9.png]
[web.whatsapp.com/img/logo-edge-3f865fd8.png]
[web.whatsapp.com/img/logo-opera-b5cc1256.png]
[web.whatsapp.com/send/index9159.html]
[api.whatsapp.com/LYq.html]
[api.whatsapp.com/vgA9nU.html]
[api.whatsapp.com/7xqofE.html]
[api.whatsapp.com/u_0_0_.html]
[static.whatsapp.net/rsrc.php/v3/yr/r/F8p2GgVSKHv1f8e.js]
[api.whatsapp.com/sendd0d3.html]
[web.whatsapp.com/send/index3e0e.html]
[web.whatsapp.com/img/logo-safari-e44d1acf.png]
[www.drishtiias.com/to-the-points/paper1/regionalism-in-india-upsc.html]
[www.drishtiias.com/to-the-points/paper1/mauryan-art-and-architecture-part-1.html]
[www.drishtiias.com/to-the-points/paper1/buddhism-in-india.html]
[www.drishtiias.com/to-the-points/paper1/preservation-of-cultural-heritage/print_manually.html]
[www.drishtiias.com/to-the-points/paper1/buddhism-in-india/print_manually.html]
[www.drishtiias.com/to-the-points/paper1/peasant-movements-in-india.html]
[www.drishtiias.com/to-the-points/paper1/subhash-chandra-bose-3.html]
[www.drishtiias.com/to-the-points/paper1/khilafat-and-non-cooperation-movement.html]
[www.drishtiias.com/to-the-points/paper1/swadeshi-and-boycott-movement/print_manually.html]
[web.whatsapp.com/browsers_c20c9d30c36f5654e017.css]
[www.drishtiias.com/to-the-points/paper1/khilafat-and-non-cooperation-movement/print_manually.html]
[www.drishtiias.com/to-the-points/paper1/mining-sector-in-india.html]
[www.drishtiias.com/to-the-points/paper1/regionalism-in-india-upsc.html]
[www.drishtiias.com/to-the-points/paper1/regionalism-in-india-upsc/print_manually.html]
[www.drishtiias.com/to-the-points/paper1/mauryan-architecture-part-2.html]
[www.drishtiias.com/images/uploads/1571745714_image17.jpg]
[www.drishtiias.com/images/uploads/1571745819_image22.jpg]
[www.drishtiias.com/images/uploads/1571745850_image14.jpg]
[www.drishtiias.com/to-the-points/paper1/mauryan-art-and-architecture-part-1.html]
[www.drishtiias.com/to-the-points/paper1/buddhism-in-india/print_manually.html]
[www.drishtiias.com/to-the-points/paper1/mauryan-art-and-architecture-part-1/print_manually.html]
[www.drishtiias.com/to-the-points/paper1/heat-waves-and-heat-dome.html]
[www.drishtiias.com/to-the-points/paper1/important-indian-national-congress-sessions.html]
[www.drishtiias.com/to-the-points/paper1/land-revenue-systems-in-british-india.html]
[www.drishtiias.com/to-the-points/paper1/revolt-of-1857.html]
[www.drishtiias.com/to-the-points/paper1/peasant-movements-in-india.html]
[www.drishtiias.com/to-the-points/paper1/peasant-movements-in-india/print_manually.html]
[www.drishtiias.com/to-the-points/paper1/subhash-chandra-bose-3.html]
[www.drishtiias.com/to-the-points/paper1/khilafat-and-non-cooperation-movement/print_manually.html]
[www.drishtiias.com/to-the-points/paper1/subhash-chandra-bose-3/print_manually.html]
[www.drishtiias.com/to-the-points/paper1/communalism.html]
[www.drishtiias.com/images/uploads/1578393833_image21.jpg]
[www.drishtiias.com/images/uploads/1578393855_image9.jpg]
[www.drishtiias.com/to-the-points/paper1/mining-sector-in-india.html]
[www.drishtiias.com/to-the-points/paper1/regionalism-in-india-upsc/print_manually.html]
[www.drishtiias.com/to-the-points/paper1/mining-sector-in-india/print_manually.html]
[www.drishtiias.com/to-the-points/paper1/cold-war.html]
[www.drishtiias.com/images/uploads/1571912484_image4.jpg]
[www.drishtiias.com/images/uploads/1571912446_image15.jpg]
[www.drishtiias.com/images/uploads/1571912518_image9.jpg]
[www.drishtiias.com/images/uploads/1571912560_image5.jpg]
[www.drishtiias.com/images/uploads/1571912668_image14.jpg]
[www.drishtiias.com/images/uploads/1571912707_image7.jpg]
[www.drishtiias.com/images/uploads/1571912779_image10.jpg]
[www.drishtiias.com/images/uploads/1571912878_image6.jpg]
[www.drishtiias.com/images/uploads/1571912917_image3.jpg]
[www.drishtiias.com/images/uploads/1571912976_image8.jpg]
[www.drishtiias.com/images/uploads/1571913091_image13.jpg]
[www.drishtiias.com/images/uploads/1571913015_image12.jpg]
[www.drishtiias.com/images/uploads/1571913056_image2.jpg]
[www.drishtiias.com/images/uploads/1571912376_image11.jpg]
[www.drishtiias.com/to-the-points/paper1/mauryan-architecture-part-2.html]
[www.drishtiias.com/to-the-points/paper1/mauryan-art-and-architecture-part-1/print_manually.html]
[www.drishtiias.com/to-the-points/paper1/mauryan-architecture-part-2/print_manually.html]
[www.drishtiias.com/to-the-points/paper1/movement-of-the-working-class.html]
[www.drishtiias.com/to-the-points/paper1/el-nino-and-la-nina.html]
[www.drishtiias.com/images/uploads/1626762592_image1.jpg]
[www.drishtiias.com/to-the-points/paper1/heat-waves-and-heat-dome.html]
[www.drishtiias.com/to-the-points/paper1/heat-waves-and-heat-dome/print_manually.html]
[www.drishtiias.com/to-the-points/paper1/world-war-i-1.html]
[www.drishtiias.com/to-the-points/paper1/important-indian-national-congress-sessions.html]
[www.drishtiias.com/to-the-points/paper1/important-indian-national-congress-sessions/print_manually.html]
[www.drishtiias.com/to-the-points/paper1/the-carnatic-wars.html]
[www.drishtiias.com/to-the-points/paper1/land-revenue-systems-in-british-india.html]
[www.drishtiias.com/to-the-points/paper1/land-revenue-systems-in-british-india/print_manually.html]
[www.drishtiias.com/to-the-points/paper1/battles-of-panipat.html]
[www.drishtiias.com/to-the-points/paper1/revolt-of-1857.html]
[www.drishtiias.com/to-the-points/paper1/peasant-movements-in-india/print_manually.html]
[www.drishtiias.com/to-the-points/paper1/subhash-chandra-bose-3/print_manually.html]
[www.drishtiias.com/to-the-points/paper1/revolt-of-1857/print_manually.html]
[www.drishtiias.com/to-the-points/paper1/secularism-1.html]
[www.drishtiias.com/to-the-points/paper1/communalism.html]
[www.drishtiias.com/to-the-points/paper1/mining-sector-in-india/print_manually.html]
[www.drishtiias.com/to-the-points/paper1/communalism/print_manually.html]
[www.drishtiias.com/to-the-points/paper1/sangam-age-1.html]
[www.drishtiias.com/images/uploads/1573901317_image1.jpg]
[www.drishtiias.com/images/uploads/1573901382_image2.jpg]
[www.drishtiias.com/images/uploads/1573901457_image3.jpg]
[www.drishtiias.com/to-the-points/paper1/cold-war.html]
[www.drishtiias.com/to-the-points/paper1/mauryan-architecture-part-2/print_manually.html]
[www.drishtiias.com/to-the-points/paper1/cold-war/print_manually.html]
[www.drishtiias.com/to-the-points/paper1/drainage-patterns-and-drainage-systems-of-india.html]
[www.drishtiias.com/to-the-points/paper1/movement-of-the-working-class.html]
[www.drishtiias.com/to-the-points/paper1/movement-of-the-working-class/print_manually.html]
[www.drishtiias.com/to-the-points/paper1/anglo-mysore-wars.html]
[www.drishtiias.com/images/uploads/1610954845_image2.gif]
[www.drishtiias.com/to-the-points/paper1/el-nino-and-la-nina.html]
[www.drishtiias.com/to-the-points/paper1/heat-waves-and-heat-dome/print_manually.html]
[www.drishtiias.com/to-the-points/paper1/el-nino-and-la-nina/print_manually.html]
[www.drishtiias.com/to-the-points/paper1/world-war-ii.html]
[www.drishtiias.com/images/uploads/1594031959_image1.jpg]
[www.drishtiias.com/images/uploads/1594031997_image2.jpg]
[www.drishtiias.com/to-the-points/paper1/world-war-i-1.html]
[www.drishtiias.com/to-the-points/paper1/important-indian-national-congress-sessions/print_manually.html]
[www.drishtiias.com/to-the-points/paper1/world-war-i-1/print_manually.html]
[www.drishtiias.com/to-the-points/paper1/the-carnatic-wars.html]
[www.drishtiias.com/to-the-points/paper1/land-revenue-systems-in-british-india/print_manually.html]
[www.drishtiias.com/to-the-points/paper1/the-carnatic-wars/print_manually.html]
[www.drishtiias.com/to-the-points/paper1/battles-of-panipat.html]
[www.drishtiias.com/to-the-points/paper1/revolt-of-1857/print_manually.html]
[www.drishtiias.com/to-the-points/paper1/battles-of-panipat/print_manually.html]
[www.drishtiias.com/to-the-points/paper1/ken-betwa-interlink-project.html]
[www.drishtiias.com/images/uploads/417Drishti_ias_Secularism.html]
[www.drishtiias.com/to-the-points/paper1/secularism-1.html]
[www.drishtiias.com/to-the-points/paper1/communalism/print_manually.html]
[www.drishtiias.com/to-the-points/paper1/secularism-1/print_manually.html]
[www.drishtiias.com/to-the-points/paper1/carnatic-music.html]
[www.drishtiias.com/images/uploads/1574077011_image1.png]
[www.drishtiias.com/to-the-points/paper1/sangam-age-1.html]
[www.drishtiias.com/to-the-points/paper1/cold-war/print_manually.html]
[www.drishtiias.com/to-the-points/paper1/sangam-age-1/print_manually.html]
[www.drishtiias.com/to-the-points/paper1/the-company-rule-in-india-1773-1858.html]
[www.drishtiias.com/images/uploads/1631620610_image3.png]
[www.drishtiias.com/images/uploads/1631620657_image1.jpg]
[www.drishtiias.com/images/uploads/1631620767_image5.png]
[www.drishtiias.com/images/uploads/1631620819_image2.png]
[www.drishtiias.com/to-the-points/paper1/earthquake-4.html]
[www.drishtiias.com/images/uploads/1631621631_image6.png]
[www.drishtiias.com/images/uploads/1631621701_image4.png]
[www.drishtiias.com/to-the-points/paper1/delta-3.html]
[www.drishtiias.com/images/uploads/1631622061_image7.png]
[www.drishtiias.com/to-the-points/paper1/drainage-patterns-and-drainage-systems-of-india.html]
[www.drishtiias.com/to-the-points/paper1/movement-of-the-working-class/print_manually.html]
[www.drishtiias.com/to-the-points/paper1/drainage-patterns-and-drainage-systems-of-india/print_manually.html]
[www.drishtiias.com/to-the-points/paper1/tectonic-plates.html]
[www.drishtiias.com/to-the-points/paper1/anglo-mysore-wars.html]
[www.drishtiias.com/to-the-points/paper1/el-nino-and-la-nina/print_manually.html]
[www.drishtiias.com/to-the-points/paper1/anglo-mysore-wars/print_manually.html]
[www.drishtiias.com/images/uploads/1594382210_image2.jpg]
[www.drishtiias.com/images/uploads/1594382989_image1.png]
[www.drishtiias.com/to-the-points/paper1/world-war-ii.html]
[www.drishtiias.com/to-the-points/paper1/world-war-i-1/print_manually.html]
[www.drishtiias.com/to-the-points/paper1/the-carnatic-wars/print_manually.html]
[www.drishtiias.com/to-the-points/paper1/battles-of-panipat/print_manually.html]
[www.drishtiias.com/to-the-points/paper1/world-war-ii/print_manually.html]
[www.drishtiias.com/to-the-points/paper1/monsoon-2.html]
[www.drishtiias.com/to-the-points/paper1/ken-betwa-interlink-project.html]
[www.drishtiias.com/to-the-points/paper1/ken-betwa-interlink-project/print_manually.html]
[www.drishtiias.com/images/uploads/417Drishti_ias_Secularism.html]
[www.drishtiias.com/to-the-points/paper1/secularism-1/print_manually.html]
[api.whatsapp.com/send8a65.html]
[www.drishtiias.com/to-the-points/paper1/hindustani-music-1.html]
[www.drishtiias.com/to-the-points/paper1/carnatic-music.html]
[www.drishtiias.com/to-the-points/paper1/sangam-age-1/print_manually.html]
[www.drishtiias.com/to-the-points/paper1/carnatic-music/print_manually.html]
[www.drishtiias.com/to-the-points/paper1/western-ghats-4.html]
[www.drishtiias.com/to-the-points/paper1/british-conquest-for-bengal-battles-of-plassey-and-buxar.html]
[www.drishtiias.com/to-the-points/paper1/governors-general-viceroys-of-india.html]
[www.drishtiias.com/to-the-points/paper1/the-company-rule-in-india-1773-1858.html]
[www.drishtiias.com/to-the-points/paper1/the-company-rule-in-india-1773-1858/print_manually.html]
[www.drishtiias.com/images/uploads/1596106918_image6.png]
[www.drishtiias.com/images/uploads/1596107013_image2.png]
[www.drishtiias.com/images/uploads/1596107229_image7.png]
[www.drishtiias.com/images/uploads/1596107262_image1.png]
[www.drishtiias.com/images/uploads/1596107385_image8.png]
[www.drishtiias.com/images/uploads/1596107476_image5.png]
[www.drishtiias.com/images/uploads/1596107533_image3.png]
[www.drishtiias.com/images/uploads/1596107581_image4.png]
[www.drishtiias.com/to-the-points/paper1/earthquake-4.html]
[www.drishtiias.com/to-the-points/paper1/earthquake-4/print_manually.html]
[www.drishtiias.com/to-the-points/paper1/cyclone-19.html]
[www.drishtiias.com/images/uploads/1591012357_image1.png]
[www.drishtiias.com/images/uploads/1591012378_image3.png]
[www.drishtiias.com/images/uploads/1591012432_image2.png]
[www.drishtiias.com/to-the-points/paper1/delta-3.html]
[www.drishtiias.com/to-the-points/paper1/drainage-patterns-and-drainage-systems-of-india/print_manually.html]
[www.drishtiias.com/to-the-points/paper1/delta-3/print_manually.html]
[www.drishtiias.com/to-the-points/paper1/pacific-ring-of-fire.html]
[www.drishtiias.com/images/uploads/1612171866_image2.png]
[www.drishtiias.com/images/uploads/1612171896_image1.png]
[www.drishtiias.com/images/uploads/1612171936_image3.png]
[www.drishtiias.com/to-the-points/paper1/tectonic-plates.html]
[www.drishtiias.com/to-the-points/paper1/anglo-mysore-wars/print_manually.html]
[www.drishtiias.com/to-the-points/paper1/world-war-ii/print_manually.html]
[www.drishtiias.com/to-the-points/paper1/tectonic-plates/print_manually.html]
[www.drishtiias.com/to-the-points/paper1/indus-valley-civilization.html]
[www.drishtiias.com/images/uploads/1578393254_image5.jpg]
[www.drishtiias.com/images/uploads/1578393291_image18.jpg]
[www.drishtiias.com/images/uploads/1578393460_image46.jpg]
[www.drishtiias.com/to-the-points/paper1/monsoon-2.html]
[www.drishtiias.com/to-the-points/paper1/ken-betwa-interlink-project/print_manually.html]
[www.drishtiias.com/to-the-points/paper1/monsoon-2/print_manually.html]
[api.whatsapp.com/send4e22.html]
[web.whatsapp.com/send/index2f8f.html]
[api.whatsapp.com/u_0_7_U.1b8.delayed]
[api.whatsapp.com/send8a65.html]
[www.drishtiias.com/to-the-points/paper1/year-end-review-2019-ministry-of-culture.html]
[www.drishtiias.com/to-the-points/paper1/hindustani-music-1.html]
[www.drishtiias.com/to-the-points/paper1/carnatic-music/print_manually.html]
[www.drishtiias.com/to-the-points/paper1/hindustani-music-1/print_manually.html]
[www.drishtiias.com/to-the-points/paper1/western-ghats-4.html]
[www.drishtiias.com/to-the-points/paper1/british-conquest-for-bengal-battles-of-plassey-and-buxar.html]
[www.drishtiias.com/to-the-points/paper1/governors-general-viceroys-of-india.html]
[www.drishtiias.com/to-the-points/paper1/the-company-rule-in-india-1773-1858/print_manually.html]
[www.drishtiias.com/to-the-points/paper1/earthquake-4/print_manually.html]
[www.drishtiias.com/to-the-points/paper1/cyclone-19.html]
[www.drishtiias.com/to-the-points/paper1/delta-3/print_manually.html]
[www.drishtiias.com/to-the-points/paper1/pacific-ring-of-fire.html]
[www.drishtiias.com/to-the-points/paper1/tectonic-plates/print_manually.html]
[www.drishtiias.com/to-the-points/paper1/indus-valley-civilization.html]
[www.drishtiias.com/to-the-points/paper1/monsoon-2/print_manually.html]
[api.whatsapp.com/send4e22.html]
[web.whatsapp.com/send/index2f8f.html]
[api.whatsapp.com/u_0_7_U.html]
[www.drishtiias.com/to-the-points/paper1/year-end-review-2019-ministry-of-culture.html]
[www.drishtiias.com/to-the-points/paper1/hindustani-music-1/print_manually.html]
